// Jest Snapshot v1, https://goo.gl/fbAQLP

exports[`HostInputForm should render correctly with required props 1`] = `
<form>
  <TextField
    autoFocus={true}
    error={false}
    fullWidth={true}
    label="Name"
    margin="normal"
    onChange={[Function]}
    required={true}
    value="a"
  />
  <Grid
    container={true}
    spacing={24}
  >
    <Grid
      item={true}
      xs={6}
    >
      <TextField
        error={false}
        fullWidth={true}
        label="User"
        margin="normal"
        onChange={[Function]}
        required={true}
        value="b"
      />
    </Grid>
    <Grid
      item={true}
      xs={6}
    >
      <TextField
        error={false}
        fullWidth={true}
        label="Address/hostname"
        margin="normal"
        onChange={[Function]}
        required={true}
        value="c"
      />
    </Grid>
  </Grid>
  <Grid
    container={true}
    spacing={24}
  >
    <Grid
      item={true}
      xs={6}
    >
      <TextField
        error={false}
        fullWidth={true}
        label="Port"
        margin="normal"
        onChange={[Function]}
        required={true}
        type="number"
        value={22}
      />
    </Grid>
    <Grid
      item={true}
      xs={6}
    >
      <TextField
        error={false}
        fullWidth={true}
        label="Identity file"
        margin="normal"
        onChange={[Function]}
        required={true}
        value="d"
      />
    </Grid>
  </Grid>
  <DialogActions>
    <Button
      color="primary"
      onClick={[Function]}
    >
      Cancel
    </Button>
    <Button
      color="primary"
      onClick={[Function]}
      variant="contained"
    >
      Create
    </Button>
  </DialogActions>
</form>
`;
